ERC report (2026-07-12T14:50:13, Encoding UTF8)
Report includes: Errors, Warnings

***** Sheet /
[endpoint_off_grid]: Symbol pin or wire end off connection grid
    ; warning
    @(1800 mils, 1650 mils): Horizontal Wire, length 270 mils
[endpoint_off_grid]: Symbol pin or wire end off connection grid
    ; warning
    @(2070 mils, 1650 mils): Symbol #FLG01 Pin 1 [Power output, Line]
[endpoint_off_grid]: Symbol pin or wire end off connection grid
    ; warning
    @(2070 mils, 1650 mils): Horizontal Wire, length 500 mils
[endpoint_off_grid]: Symbol pin or wire end off connection grid
    ; warning
    @(1800 mils, 1850 mils): Horizontal Wire, length 310 mils
[endpoint_off_grid]: Symbol pin or wire end off connection grid
    ; warning
    @(1800 mils, 1950 mils): Horizontal Wire, length 310 mils
[endpoint_off_grid]: Symbol pin or wire end off connection grid
    ; warning
    @(2410 mils, 1850 mils): Symbol R1 Pin 2 [Passive, Line]
[endpoint_off_grid]: Symbol pin or wire end off connection grid
    ; warning
    @(2450 mils, 1850 mils): Horizontal Wire, length 40 mils
[endpoint_off_grid]: Symbol pin or wire end off connection grid
    ; warning
    @(2410 mils, 1950 mils): Horizontal Wire, length 40 mils
[endpoint_off_grid]: Symbol pin or wire end off connection grid
    ; warning
    @(2410 mils, 1950 mils): Symbol R2 Pin 2 [Passive, Line]
[endpoint_off_grid]: Symbol pin or wire end off connection grid
    ; warning
    @(2410 mils, 6480 mils): Symbol #PWR029 Pin 1 [Power input, Line]
[endpoint_off_grid]: Symbol pin or wire end off connection grid
    ; warning
    @(2410 mils, 6580 mils): Symbol J3 Pin 3 [Passive, Line]
[endpoint_off_grid]: Symbol pin or wire end off connection grid
    ; warning
    @(2410 mils, 6680 mils): Symbol #PWR027 Pin 1 [Power input, Line]
[endpoint_off_grid]: Symbol pin or wire end off connection grid
    ; warning
    @(2570 mils, 1650 mils): Horizontal Wire, length 330 mils
[endpoint_off_grid]: Symbol pin or wire end off connection grid
    ; warning
    @(2570 mils, 2050 mils): Horizontal Wire, length 120 mils
[endpoint_off_grid]: Symbol pin or wire end off connection grid
    ; warning
    @(2570 mils, 2050 mils): Vertical Wire, length 400 mils
[endpoint_off_grid]: Symbol pin or wire end off connection grid
    ; warning
    @(2900 mils, 1530 mils): Symbol #PWR023 Pin 1 [Power input, Line]
[endpoint_off_grid]: Symbol pin or wire end off connection grid
    ; warning
    @(2900 mils, 1530 mils): Vertical Wire, length 120 mils
[endpoint_off_grid]: Symbol pin or wire end off connection grid
    ; warning
    @(2910 mils, 6480 mils): Horizontal Wire, length 300 mils
[endpoint_off_grid]: Symbol pin or wire end off connection grid
    ; warning
    @(2910 mils, 6580 mils): Horizontal Wire, length 360 mils
[endpoint_off_grid]: Symbol pin or wire end off connection grid
    ; warning
    @(2910 mils, 6680 mils): Horizontal Wire, length 250 mils
[unconnected_wire_endpoint]: Unconnected wire endpoint
    ; warning
    @(2910 mils, 6680 mils): Horizontal Wire, length 250 mils
[endpoint_off_grid]: Symbol pin or wire end off connection grid
    ; warning
    @(3990 mils, 6050 mils): Symbol #PWR037 Pin 1 [Power input, Line]
[endpoint_off_grid]: Symbol pin or wire end off connection grid
    ; warning
    @(3990 mils, 6050 mils): Vertical Wire, length 50 mils
[endpoint_off_grid]: Symbol pin or wire end off connection grid
    ; warning
    @(3990 mils, 6100 mils): Symbol R9 Pin 2 [Passive, Line]
[endpoint_off_grid]: Symbol pin or wire end off connection grid
    ; warning
    @(3990 mils, 6450 mils): Vertical Wire, length 50 mils
[isolated_pin_label]: Label connected to only one pin
    ; warning
    @(3990 mils, 6450 mils): Label 'I2C0_SCL'
[endpoint_off_grid]: Symbol pin or wire end off connection grid
    ; warning
    @(4180 mils, 4680 mils): Symbol #PWR025 Pin 1 [Power input, Line]
[endpoint_off_grid]: Symbol pin or wire end off connection grid
    ; warning
    @(4180 mils, 4680 mils): Vertical Wire, length 100 mils
[endpoint_off_grid]: Symbol pin or wire end off connection grid
    ; warning
    @(4180 mils, 4780 mils): Vertical Wire, length 50 mils
[endpoint_off_grid]: Symbol pin or wire end off connection grid
    ; warning
    @(4180 mils, 4830 mils): Symbol C4 Pin 1 [Passive, Line]
[endpoint_off_grid]: Symbol pin or wire end off connection grid
    ; warning
    @(4180 mils, 5130 mils): Symbol #PWR012 Pin 1 [Power input, Line]
[lib_symbol_mismatch]: Symbol 'CH340E' doesn't match copy in library 'Interface_USB'
    ; warning
    @(4250 mils, 2850 mils): Symbol U5 [CH340E]
[endpoint_off_grid]: Symbol pin or wire end off connection grid
    ; warning
    @(4390 mils, 6050 mils): Vertical Wire, length 50 mils
[endpoint_off_grid]: Symbol pin or wire end off connection grid
    ; warning
    @(4390 mils, 6050 mils): Symbol #PWR036 Pin 1 [Power input, Line]
[endpoint_off_grid]: Symbol pin or wire end off connection grid
    ; warning
    @(4390 mils, 6100 mils): Symbol R8 Pin 2 [Passive, Line]
[endpoint_off_grid]: Symbol pin or wire end off connection grid
    ; warning
    @(4390 mils, 6450 mils): Vertical Wire, length 50 mils
[isolated_pin_label]: Label connected to only one pin
    ; warning
    @(4390 mils, 6450 mils): Label 'I2C0_SDA'
[endpoint_off_grid]: Symbol pin or wire end off connection grid
    ; warning
    @(4430 mils, 4780 mils): Horizontal Wire, length 90 mils
[endpoint_off_grid]: Symbol pin or wire end off connection grid
    ; warning
    @(4430 mils, 4780 mils): Horizontal Wire, length 250 mils
[endpoint_off_grid]: Symbol pin or wire end off connection grid
    ; warning
    @(4430 mils, 4880 mils): Vertical Wire, length 100 mils
[endpoint_off_grid]: Symbol pin or wire end off connection grid
    ; warning
    @(4520 mils, 4880 mils): Horizontal Wire, length 90 mils
[endpoint_off_grid]: Symbol pin or wire end off connection grid
    ; warning
    @(4520 mils, 4880 mils): Symbol U4 Pin 3 [EN, Input, Line]
[endpoint_off_grid]: Symbol pin or wire end off connection grid
    ; warning
    @(4700 mils, 3090 mils): Horizontal Wire, length 150 mils
[endpoint_off_grid]: Symbol pin or wire end off connection grid
    ; warning
    @(4700 mils, 3090 mils): Vertical Wire, length 60 mils
[endpoint_off_grid]: Symbol pin or wire end off connection grid
    ; warning
    @(4820 mils, 5180 mils): Horizontal Wire, length 10 mils
[endpoint_off_grid]: Symbol pin or wire end off connection grid
    ; warning
    @(4830 mils, 5180 mils): Symbol #PWR018 Pin 1 [Power input, Line]
[endpoint_off_grid]: Symbol pin or wire end off connection grid
    ; warning
    @(4850 mils, 3090 mils): Symbol D2 Pin 2 [A, Passive, Line]
[endpoint_off_grid]: Symbol pin or wire end off connection grid
    ; warning
    @(5020 mils, 2550 mils): Horizontal Wire, length 370 mils
[endpoint_off_grid]: Symbol pin or wire end off connection grid
    ; warning
    @(5030 mils, 2450 mils): Horizontal Wire, length 380 mils
[endpoint_off_grid]: Symbol pin or wire end off connection grid
    ; warning
    @(5040 mils, 6300 mils): Symbol J2 Pin 5 [Pin_5, Passive, Line]
[endpoint_off_grid]: Symbol pin or wire end off connection grid
    ; warning
    @(5040 mils, 6500 mils): Symbol #PWR035 Pin 1 [Power input, Line]
[endpoint_off_grid]: Symbol pin or wire end off connection grid
    ; warning
    @(5080 mils, 3250 mils): Horizontal Wire, length 430 mils
[endpoint_off_grid]: Symbol pin or wire end off connection grid
    ; warning
    @(5120 mils, 4780 mils): Horizontal Wire, length 460 mils
[endpoint_off_grid]: Symbol pin or wire end off connection grid
    ; warning
    @(5120 mils, 4880 mils): Horizontal Wire, length 160 mils
[endpoint_off_grid]: Symbol pin or wire end off connection grid
    ; warning
    @(5280 mils, 4880 mils): Vertical Wire, length 50 mils
[endpoint_off_grid]: Symbol pin or wire end off connection grid
    ; warning
    @(5280 mils, 4930 mils): Symbol C5 Pin 1 [Passive, Line]
[endpoint_off_grid]: Symbol pin or wire end off connection grid
    ; warning
    @(5280 mils, 5230 mils): Symbol #PWR026 Pin 1 [Power input, Line]
[endpoint_off_grid]: Symbol pin or wire end off connection grid
    ; warning
    @(5350 mils, 3090 mils): Horizontal Wire, length 200 mils
[endpoint_off_grid]: Symbol pin or wire end off connection grid
    ; warning
    @(5350 mils, 3290 mils): Vertical Wire, length 200 mils
[endpoint_off_grid]: Symbol pin or wire end off connection grid
    ; warning
    @(5350 mils, 3590 mils): Vertical Wire, length 100 mils
[endpoint_off_grid]: Symbol pin or wire end off connection grid
    ; warning
    @(5350 mils, 3590 mils): Symbol R4 Pin 2 [Passive, Line]
[endpoint_off_grid]: Symbol pin or wire end off connection grid
    ; warning
    @(5350 mils, 3690 mils): Symbol #PWR031 Pin 1 [Power input, Line]
[endpoint_off_grid]: Symbol pin or wire end off connection grid
    ; warning
    @(5540 mils, 6500 mils): Symbol #PWR034 Pin 1 [Power input, Line]
[endpoint_off_grid]: Symbol pin or wire end off connection grid
    ; warning
    @(5580 mils, 4700 mils): Symbol #PWR028 Pin 1 [Power input, Line]
[endpoint_off_grid]: Symbol pin or wire end off connection grid
    ; warning
    @(5580 mils, 4700 mils): Vertical Wire, length 80 mils
[endpoint_off_grid]: Symbol pin or wire end off connection grid
    ; warning
    @(5580 mils, 4830 mils): Symbol C6 Pin 1 [Passive, Line]
[endpoint_off_grid]: Symbol pin or wire end off connection grid
    ; warning
    @(5580 mils, 4830 mils): Vertical Wire, length 50 mils
[endpoint_off_grid]: Symbol pin or wire end off connection grid
    ; warning
    @(5580 mils, 5130 mils): Symbol #PWR022 Pin 1 [Power input, Line]
[endpoint_off_grid]: Symbol pin or wire end off connection grid
    ; warning
    @(6700 mils, 4670 mils): Symbol #PWR01 Pin 1 [Power input, Line]
[endpoint_off_grid]: Symbol pin or wire end off connection grid
    ; warning
    @(6700 mils, 4670 mils): Vertical Wire, length 70 mils
[endpoint_off_grid]: Symbol pin or wire end off connection grid
    ; warning
    @(6730 mils, 2350 mils): Vertical Wire, length 450 mils
[endpoint_off_grid]: Symbol pin or wire end off connection grid
    ; warning
    @(6730 mils, 2800 mils): Horizontal Wire, length 200 mils
[endpoint_off_grid]: Symbol pin or wire end off connection grid
    ; warning
    @(6730 mils, 2800 mils): Symbol C10 Pin 1 [Passive, Line]
[endpoint_off_grid]: Symbol pin or wire end off connection grid
    ; warning
    @(6730 mils, 3200 mils): Vertical Wire, length 100 mils
[endpoint_off_grid]: Symbol pin or wire end off connection grid
    ; warning
    @(6730 mils, 3250 mils): Symbol #PWR010 Pin 1 [Power input, Line]
[endpoint_off_grid]: Symbol pin or wire end off connection grid
    ; warning
    @(6730 mils, 3250 mils): Vertical Wire, length 50 mils
[endpoint_off_grid]: Symbol pin or wire end off connection grid
    ; warning
    @(7080 mils, 3000 mils): Symbol Y1 Hidden pin 4 [G, Passive, Line]
[endpoint_off_grid]: Symbol pin or wire end off connection grid
    ; warning
    @(7080 mils, 3000 mils): Vertical Wire, length 200 mils
[endpoint_off_grid]: Symbol pin or wire end off connection grid
    ; warning
    @(7080 mils, 3200 mils): Horizontal Wire, length 350 mils
[endpoint_off_grid]: Symbol pin or wire end off connection grid
    ; warning
    @(7230 mils, 2800 mils): Horizontal Wire, length 200 mils
[endpoint_off_grid]: Symbol pin or wire end off connection grid
    ; warning
    @(7050 mils, 4200 mils): Horizontal Wire, length 270 mils
[endpoint_off_grid]: Symbol pin or wire end off connection grid
    ; warning
    @(7320 mils, 4300 mils): Horizontal Wire, length 760 mils
[endpoint_off_grid]: Symbol pin or wire end off connection grid
    ; warning
    @(7320 mils, 4300 mils): Vertical Wire, length 100 mils
[endpoint_off_grid]: Symbol pin or wire end off connection grid
    ; warning
    @(7430 mils, 2350 mils): Horizontal Wire, length 700 mils
[endpoint_off_grid]: Symbol pin or wire end off connection grid
    ; warning
    @(7430 mils, 2700 mils): Vertical Wire, length 350 mils
[endpoint_off_grid]: Symbol pin or wire end off connection grid
    ; warning
    @(7430 mils, 2800 mils): Symbol C11 Pin 1 [Passive, Line]
[endpoint_off_grid]: Symbol pin or wire end off connection grid
    ; warning
    @(7430 mils, 2800 mils): Horizontal Wire, length 650 mils
[endpoint_off_grid]: Symbol pin or wire end off connection grid
    ; warning
    @(7430 mils, 3100 mils): Vertical Wire, length 100 mils
[endpoint_off_grid]: Symbol pin or wire end off connection grid
    ; warning
    @(7430 mils, 3200 mils): Horizontal Wire, length 350 mils
[endpoint_off_grid]: Symbol pin or wire end off connection grid
    ; warning
    @(7530 mils, 1950 mils): Symbol #PWR09 Pin 1 [Power input, Line]
[endpoint_off_grid]: Symbol pin or wire end off connection grid
    ; warning
    @(7530 mils, 1950 mils): Vertical Wire, length 50 mils
[endpoint_off_grid]: Symbol pin or wire end off connection grid
    ; warning
    @(7530 mils, 2300 mils): Vertical Wire, length 100 mils
[endpoint_off_grid]: Symbol pin or wire end off connection grid
    ; warning
    @(7530 mils, 2300 mils): Symbol R6 Pin 2 [Passive, Line]
[endpoint_off_grid]: Symbol pin or wire end off connection grid
    ; warning
    @(7590 mils, 3000 mils): Horizontal Wire, length 490 mils
[endpoint_off_grid]: Symbol pin or wire end off connection grid
    ; warning
    @(7590 mils, 4500 mils): Vertical Wire, length 150 mils
[endpoint_off_grid]: Symbol pin or wire end off connection grid
    ; warning
    @(7590 mils, 4500 mils): Horizontal Wire, length 490 mils
[endpoint_off_grid]: Symbol pin or wire end off connection grid
    ; warning
    @(7050 mils, 4650 mils): Horizontal Wire, length 540 mils
[endpoint_off_grid]: Symbol pin or wire end off connection grid
    ; warning
    @(7630 mils, 4400 mils): Horizontal Wire, length 450 mils
[endpoint_off_grid]: Symbol pin or wire end off connection grid
    ; warning
    @(7630 mils, 4600 mils): Horizontal Wire, length 450 mils
[endpoint_off_grid]: Symbol pin or wire end off connection grid
    ; warning
    @(7660 mils, 2200 mils): Horizontal Wire, length 420 mils
[endpoint_off_grid]: Symbol pin or wire end off connection grid
    ; warning
    @(7660 mils, 2300 mils): Horizontal Wire, length 420 mils
[endpoint_off_grid]: Symbol pin or wire end off connection grid
    ; warning
    @(7690 mils, 4100 mils): Horizontal Wire, length 390 mils
[endpoint_off_grid]: Symbol pin or wire end off connection grid
    ; warning
    @(7690 mils, 4200 mils): Horizontal Wire, length 390 mils
[endpoint_off_grid]: Symbol pin or wire end off connection grid
    ; warning
    @(7780 mils, 3400 mils): Horizontal Wire, length 300 mils
[endpoint_off_grid]: Symbol pin or wire end off connection grid
    ; warning
    @(7780 mils, 3500 mils): Horizontal Wire, length 300 mils
[endpoint_off_grid]: Symbol pin or wire end off connection grid
    ; warning
    @(7820 mils, 3700 mils): Horizontal Wire, length 260 mils
[endpoint_off_grid]: Symbol pin or wire end off connection grid
    ; warning
    @(7820 mils, 3800 mils): Horizontal Wire, length 260 mils
[endpoint_off_grid]: Symbol pin or wire end off connection grid
    ; warning
    @(7820 mils, 4800 mils): Horizontal Wire, length 260 mils
[isolated_pin_label]: Label connected to only one pin
    ; warning
    @(7820 mils, 4800 mils): Label 'PA26'
[endpoint_off_grid]: Symbol pin or wire end off connection grid
    ; warning
    @(7820 mils, 4900 mils): Horizontal Wire, length 260 mils
[isolated_pin_label]: Label connected to only one pin
    ; warning
    @(7820 mils, 4900 mils): Label 'PA27'
[endpoint_off_grid]: Symbol pin or wire end off connection grid
    ; warning
    @(8080 mils, 2200 mils): Symbol U1 Pin 1 [PA0, Bidirectional, Line]
[endpoint_off_grid]: Symbol pin or wire end off connection grid
    ; warning
    @(8080 mils, 2400 mils): Horizontal Wire, length 550 mils
[endpoint_off_grid]: Symbol pin or wire end off connection grid
    ; warning
    @(8080 mils, 2700 mils): Horizontal Wire, length 650 mils
[endpoint_off_grid]: Symbol pin or wire end off connection grid
    ; warning
    @(7600 mils, 3100 mils): Horizontal Wire, length 480 mils
[endpoint_off_grid]: Symbol pin or wire end off connection grid
    ; warning
    @(8780 mils, 1400 mils): Symbol #PWR06 Pin 1 [Power input, Line]
[endpoint_off_grid]: Symbol pin or wire end off connection grid
    ; warning
    @(8780 mils, 1400 mils): Vertical Wire, length 50 mils
[endpoint_off_grid]: Symbol pin or wire end off connection grid
    ; warning
    @(8780 mils, 1450 mils): Symbol C13 Pin 1 [Passive, Line]
[endpoint_off_grid]: Symbol pin or wire end off connection grid
    ; warning
    @(8780 mils, 1750 mils): Vertical Wire, length 100 mils
[endpoint_off_grid]: Symbol pin or wire end off connection grid
    ; warning
    @(8780 mils, 1850 mils): Symbol #FLG02 Pin 1 [Power output, Line]
[endpoint_off_grid]: Symbol pin or wire end off connection grid
    ; warning
    @(8780 mils, 1890 mils): Vertical Wire, length 40 mils
[endpoint_off_grid]: Symbol pin or wire end off connection grid
    ; warning
    @(8830 mils, 1890 mils): Horizontal Wire, length 50 mils
[endpoint_off_grid]: Symbol pin or wire end off connection grid
    ; warning
    @(8830 mils, 1890 mils): Vertical Wire, length 10 mils
[endpoint_off_grid]: Symbol pin or wire end off connection grid
    ; warning
    @(8980 mils, 5500 mils): Symbol #PWR08 Pin 1 [Power input, Line]
[endpoint_off_grid]: Symbol pin or wire end off connection grid
    ; warning
    @(9080 mils, 1300 mils): Vertical Wire, length 600 mils
[endpoint_off_grid]: Symbol pin or wire end off connection grid
    ; warning
    @(9380 mils, 1200 mils): Symbol #PWR04 Pin 1 [Power input, Line]
[endpoint_off_grid]: Symbol pin or wire end off connection grid
    ; warning
    @(9380 mils, 1200 mils): Vertical Wire, length 100 mils
[endpoint_off_grid]: Symbol pin or wire end off connection grid
    ; warning
    @(9380 mils, 1300 mils): Horizontal Wire, length 300 mils
[endpoint_off_grid]: Symbol pin or wire end off connection grid
    ; warning
    @(9380 mils, 1300 mils): Horizontal Wire, length 450 mils
[endpoint_off_grid]: Symbol pin or wire end off connection grid
    ; warning
    @(9380 mils, 1300 mils): Symbol C14 Pin 1 [Passive, Line]
[endpoint_off_grid]: Symbol pin or wire end off connection grid
    ; warning
    @(9380 mils, 1600 mils): Horizontal Wire, length 450 mils
[endpoint_off_grid]: Symbol pin or wire end off connection grid
    ; warning
    @(9780 mils, 2300 mils): Horizontal Wire, length 460 mils
[endpoint_off_grid]: Symbol pin or wire end off connection grid
    ; warning
    @(9780 mils, 3850 mils): Horizontal Wire, length 250 mils
[endpoint_off_grid]: Symbol pin or wire end off connection grid
    ; warning
    @(9830 mils, 1300 mils): Symbol C15 Pin 1 [Passive, Line]
[endpoint_off_grid]: Symbol pin or wire end off connection grid
    ; warning
    @(9830 mils, 1600 mils): Vertical Wire, length 100 mils
[endpoint_off_grid]: Symbol pin or wire end off connection grid
    ; warning
    @(9830 mils, 1700 mils): Symbol #PWR05 Pin 1 [Power input, Line]
[endpoint_off_grid]: Symbol pin or wire end off connection grid
    ; warning
    @(10030 mils, 3500 mils): Symbol #PWR011 Pin 1 [Power input, Line]
[endpoint_off_grid]: Symbol pin or wire end off connection grid
    ; warning
    @(10030 mils, 3800 mils): Symbol R5 Pin 2 [Passive, Line]
[endpoint_off_grid]: Symbol pin or wire end off connection grid
    ; warning
    @(10030 mils, 3850 mils): Vertical Wire, length 50 mils
[endpoint_off_grid]: Symbol pin or wire end off connection grid
    ; warning
    @(10030 mils, 3850 mils): Horizontal Wire, length 300 mils
[endpoint_off_grid]: Symbol pin or wire end off connection grid
    ; warning
    @(10030 mils, 3850 mils): Vertical Wire, length 50 mils
[endpoint_off_grid]: Symbol pin or wire end off connection grid
    ; warning
    @(10030 mils, 3900 mils): Symbol C16 Pin 1 [Passive, Line]
[endpoint_off_grid]: Symbol pin or wire end off connection grid
    ; warning
    @(10030 mils, 4200 mils): Vertical Wire, length 50 mils
[endpoint_off_grid]: Symbol pin or wire end off connection grid
    ; warning
    @(10030 mils, 4250 mils): Symbol #PWR017 Pin 1 [Power input, Line]
[multiple_net_names]: Both NRST and SWD_RESET are attached to the same items; NRST will be used in the netlist
    ; warning
    @(9970 mils, 3850 mils): Label 'NRST'
    @(10110 mils, 3850 mils): Label 'SWD_RESET'
[endpoint_off_grid]: Symbol pin or wire end off connection grid
    ; warning
    @(10230 mils, 2200 mils): Horizontal Wire, length 450 mils
[unconnected_wire_endpoint]: Unconnected wire endpoint
    ; warning
    @(10030 mils, 3850 mils): Horizontal Wire, length 300 mils
[endpoint_off_grid]: Symbol pin or wire end off connection grid
    ; warning
    @(10620 mils, 4930 mils): Vertical Wire, length 70 mils
[endpoint_off_grid]: Symbol pin or wire end off connection grid
    ; warning
    @(10620 mils, 4930 mils): Symbol #FLG04 Pin 1 [Power output, Line]
[endpoint_off_grid]: Symbol pin or wire end off connection grid
    ; warning
    @(10620 mils, 5000 mils): Symbol #PWR020 Pin 1 [Power input, Line]

 ** ERC messages: 150  Errors 0  Warnings 150

 ** Ignored checks:
    - Global label only appears once in the schematic
    - Four connection points are joined together
    - SPICE model issue
    - Assigned footprint doesn't match footprint filters
